components/ReportsDashboard.tsx(209,73): error TS2362: The left-hand side of an arithmetic operation must be of type 'any', 'number', 'bigint' or an enum type.
components/Setup.tsx(5,10): error TS2305: Module '"../constants"' has no exported member 'ACCOUNTS_LIST'.
contexts/DataContext.tsx(69,55): error TS2304: Cannot find name 'orderBy'.
contexts/DataContext.tsx(69,80): error TS2304: Cannot find name 'limit'.
contexts/DataContext.tsx(76,17): error TS2304: Cannot find name 'orderBy'.
contexts/DataContext.tsx(77,17): error TS2304: Cannot find name 'limit'.
contexts/DataContext.tsx(90,22): error TS2304: Cannot find name 'unsubscribe'.
services/transferService.ts(36,30): error TS2552: Cannot find name 'StockTransferItem'. Did you mean 'StockTransfer'?
services/transferService.ts(71,34): error TS2552: Cannot find name 'StockTransferItem'. Did you mean 'StockTransfer'?
